../Core/Src/RFID.c:8:6:SPI1_Pins_Init	8	static
../Core/Src/RFID.c:20:6:spi1_receive	16	static
../Core/Src/RFID.c:38:6:rc522_init	8	static
../Core/Src/RFID.c:74:9:rc522_regRead8	32	static
../Core/Src/RFID.c:88:6:rc522_regWrite8	24	static
../Core/Src/RFID.c:97:6:spi1_transmit	24	static
../Core/Src/RFID.c:133:6:spi_cs_rfid_write	16	static
../Core/Src/RFID.c:148:6:rc522_setBit	16	static
../Core/Src/RFID.c:156:6:rc522_clearBit	16	static
../Core/Src/RFID.c:164:6:rc522_reset	8	static
../Core/Src/RFID.c:172:6:rc522_antennaON	24	static
../Core/Src/RFID.c:185:6:rc522_checkCard	32	static
../Core/Src/RFID.c:203:6:rc522_request	48	static
../Core/Src/RFID.c:219:6:rc522_toCard	48	static
../Core/Src/RFID.c:320:6:rc522_antiColl	40	static
../Core/Src/RFID.c:351:6:rc522_halt	24	static
../Core/Src/RFID.c:363:6:rc522_calculateCRC	40	static
../Core/Src/RFID.c:392:6:rc522_compareIds	24	static
../Core/Src/RFID.c:405:6:SPI1_Init	8	static
