../Core/Src/RFID.c:8:6:SPI1_Pins_Init	8	static
../Core/Src/RFID.c:16:6:spi1_receive	16	static
../Core/Src/RFID.c:34:6:rc522_init	8	static
../Core/Src/RFID.c:70:9:rc522_regRead8	32	static
../Core/Src/RFID.c:84:6:rc522_regWrite8	24	static
../Core/Src/RFID.c:93:6:spi1_transmit	24	static
../Core/Src/RFID.c:129:6:spi_cs_rfid_write	16	static
../Core/Src/RFID.c:144:6:rc522_setBit	16	static
../Core/Src/RFID.c:152:6:rc522_clearBit	16	static
../Core/Src/RFID.c:160:6:rc522_reset	8	static
../Core/Src/RFID.c:168:6:rc522_antennaON	24	static
../Core/Src/RFID.c:181:6:rc522_checkCard	32	static
../Core/Src/RFID.c:199:6:rc522_request	48	static
../Core/Src/RFID.c:215:6:rc522_toCard	48	static
../Core/Src/RFID.c:316:6:rc522_antiColl	40	static
../Core/Src/RFID.c:347:6:rc522_halt	24	static
../Core/Src/RFID.c:359:6:rc522_calculateCRC	40	static
../Core/Src/RFID.c:388:6:rc522_compareIds	24	static
../Core/Src/RFID.c:401:6:SPI1_Init	8	static
